[run_in] cwd=./tmp/wwp_build cmd=node C:/prrdd/最終處置計畫資料庫系統/rddmanager/node_modules/@vue/cli-service/bin/vue-cli-service.js build
(node:22172) [DEP0190] DeprecationWarning: Passing args to a child process with shell option true can lead to security vulnerabilities, as the arguments are not escaped, only concatenated.
(Use `node --trace-deprecation ...` to show where the warning was created)

-  Building legacy bundle for production...
 WARNING  Compiled with 4 warnings下午9:50:42

 warning  in ../../node_modules/w-converhp/src/WConverhpClient.mjs

Critical dependency: the request of a dependency is an expression

 warning  

asset size limit: The following asset(s) exceed the recommended size limit (244 KiB).
This can impact web performance.
Assets: 
  css/chunk-vendors.034f7a87.css (247 KiB)
  js/chunk-vendors-legacy.8ad56e20.js (3.48 MiB)

 warning  

entrypoint size limit: The following entrypoint(s) combined asset size exceeds the recommended limit (244 KiB). This can impact web performance.
Entrypoints:
  app (3.9 MiB)
      css/chunk-vendors.034f7a87.css
      js/chunk-vendors-legacy.8ad56e20.js
      css/app.d81b9a88.css
      js/app-legacy.ad685bca.js


 warning  

webpack performance recommendations: 
You can limit the size of your bundles by using import() or require.ensure to lazy load some parts of your application.
For more info visit https://webpack.js.org/guides/code-splitting/

  File                                      Size             Gzipped

  dist\js\chunk-vendors-legacy.8ad56e20.    3559.13 KiB      1031.18 KiB
  js
  dist\js\app-legacy.ad685bca.js            183.49 KiB       43.12 KiB
  dist\css\chunk-vendors.034f7a87.css       246.79 KiB       34.55 KiB
  dist\css\app.d81b9a88.css                 4.96 KiB         1.37 KiB

  Images and other types of assets omitted.
  Build at: 2026-09-15T13:50:43.132Z - Hash: c70cabd7450242cb - Time: 12025ms


-  Building module bundle for production...
 WARNING  Compiled with 4 warnings下午9:50:56

 warning  in ../../node_modules/w-converhp/src/WConverhpClient.mjs

Critical dependency: the request of a dependency is an expression

 warning  

asset size limit: The following asset(s) exceed the recommended size limit (244 KiB).
This can impact web performance.
Assets: 
  css/chunk-vendors.034f7a87.css (247 KiB)
  js/chunk-vendors.8ad56e20.js (3.48 MiB)

 warning  

entrypoint size limit: The following entrypoint(s) combined asset size exceeds the recommended limit (244 KiB). This can impact web performance.
Entrypoints:
  app (3.9 MiB)
      css/chunk-vendors.034f7a87.css
      js/chunk-vendors.8ad56e20.js
      css/app.d81b9a88.css
      js/app.ad685bca.js


 warning  

webpack performance recommendations: 
You can limit the size of your bundles by using import() or require.ensure to lazy load some parts of your application.
For more info visit https://webpack.js.org/guides/code-splitting/

  File                                   Size              Gzipped

  dist\js\chunk-vendors.8ad56e20.js      3559.13 KiB       1031.18 KiB
  dist\js\app.ad685bca.js                183.49 KiB        43.12 KiB
  dist\css\chunk-vendors.034f7a87.css    246.79 KiB        34.55 KiB
  dist\css\app.d81b9a88.css              4.96 KiB          1.37 KiB

  Images and other types of assets omitted.
  Build at: 2026-09-15T13:50:56.623Z - Hash: c70cabd7450242cb - Time: 11926ms

 DONE  Build complete. The dist directory is ready to be deployed.
 INFO  Check out deployment instructions at https://cli.vuejs.org/guide/deployment.html
       
